class Bug {
  Bug() {
    w = random(size)/3)+10;
  }
}
