import processing.core.*; 
import processing.data.*; 
import processing.event.*; 
import processing.opengl.*; 

import java.util.HashMap; 
import java.util.ArrayList; 
import java.io.File; 
import java.io.BufferedReader; 
import java.io.PrintWriter; 
import java.io.InputStream; 
import java.io.OutputStream; 
import java.io.IOException; 

public class bug315g extends PApplet {
    public void setup() {
size(480, 120);
smooth();
int y;
y = 60;
int d;
d = 80;
ellipse(75, y, d, d);
        noLoop();
    }

    static public void main(String[] passedArgs) {
        String[] appletArgs = new String[] { "bug315g" };
        if (passedArgs != null) {
          PApplet.main(concat(appletArgs, passedArgs));
        } else {
          PApplet.main(appletArgs);
        }
    }
}
