import processing.core.*; 
import processing.data.*; 
import processing.event.*; 
import processing.opengl.*; 

import java.util.HashMap; 
import java.util.ArrayList; 
import java.io.File; 
import java.io.BufferedReader; 
import java.io.PrintWriter; 
import java.io.InputStream; 
import java.io.OutputStream; 
import java.io.IOException; 

public class bug4 extends PApplet {
    public void setup() {
int x = 12;
float u = (PApplet.parseFloat(x)/width); 
        noLoop();
    }

    static public void main(String[] passedArgs) {
        String[] appletArgs = new String[] { "bug4" };
        if (passedArgs != null) {
          PApplet.main(concat(appletArgs, passedArgs));
        } else {
          PApplet.main(appletArgs);
        }
    }
}
