import processing.core.*; 
import processing.data.*; 
import processing.event.*; 
import processing.opengl.*; 

import java.util.HashMap; 
import java.util.ArrayList; 
import java.io.File; 
import java.io.BufferedReader; 
import java.io.PrintWriter; 
import java.io.InputStream; 
import java.io.OutputStream; 
import java.io.IOException; 

public class bug400g extends PApplet {

////
public void setup(){
  size(100,100);

    if(true){
    }
    else{ // Syntax error on token "else", } expected
    }
}
    static public void main(String[] passedArgs) {
        String[] appletArgs = new String[] { "bug400g" };
        if (passedArgs != null) {
          PApplet.main(concat(appletArgs, passedArgs));
        } else {
          PApplet.main(appletArgs);
        }
    }
}
