for (int i : new int[] {1,2,3}) {
  println(i);
}
