import processing.core.*; 
import processing.data.*; 
import processing.event.*; 
import processing.opengl.*; 

import java.util.HashMap; 
import java.util.ArrayList; 
import java.io.File; 
import java.io.BufferedReader; 
import java.io.PrintWriter; 
import java.io.InputStream; 
import java.io.OutputStream; 
import java.io.IOException; 

public class bug5b extends PApplet {
    public void setup() {
println("The next line should not cause a failure.");
/* no newline after me */
        noLoop();
    }

    static public void main(String[] passedArgs) {
        String[] appletArgs = new String[] { "bug5b" };
        if (passedArgs != null) {
          PApplet.main(concat(appletArgs, passedArgs));
        } else {
          PApplet.main(appletArgs);
        }
    }
}
